{
    "Should run without failures": {
        "content": [
            {
                "0": [
                    "HG002_qc.txt:md5,3111864f6860536b1281a31cda1e6e0f"
                ]
            }
        ],
        "timestamp": "2026-08-04T16:15:21.550713751",
        "meta": {
            "nf-test": "0.9.5",
            "nextflow": "26.04.4"
        }
    }
}