{
    "Should run without failures": {
        "content": [
            {
                "0": [
                    "HG002_qc.txt:md5,b9062cdb5ca68985771a735e58660fc1"
                ]
            }
        ],
        "timestamp": "2026-08-05T18:15:39.406959032",
        "meta": {
            "nf-test": "0.9.5",
            "nextflow": "26.04.4"
        }
    }
}