{
    "Should run without failures": {
        "content": [
            {
                "0": [
                    [
                        "HG002",
                        "HG002_sorted.bam:md5,acd8772b97eae7c9ab063fccb59f2fcd",
                        "HG002_sorted.bam.bai:md5,8dfbb5087cb0062c9b7f45d093018443"
                    ]
                ]
            }
        ],
        "timestamp": "2026-08-05T18:14:51.943551419",
        "meta": {
            "nf-test": "0.9.5",
            "nextflow": "26.04.4"
        }
    }
}