{
    "Should run without failures": {
        "content": [
            {
                "0": [
                    [
                        "HG002_str.bed:md5,cc0d89bb005009a86ed6142fd08af593",
                        "HG002_str.tsv:md5,b26d87a0a508a175adc31bb239caafdf",
                        "HG002_str.vcf:md5,986d89051a77f2606833e95c122c047c"
                    ]
                ]
            }
        ],
        "timestamp": "2026-08-05T19:40:27.061299891",
        "meta": {
            "nf-test": "0.9.5",
            "nextflow": "26.04.4"
        }
    }
}