{
    "Should run without failures": {
        "content": [
            {
                "0": [
                    "HG002_sv.vcf:md5,662da170b1f6147b8de23452cc8e486c"
                ]
            }
        ],
        "timestamp": "2026-08-05T19:52:18.296224161",
        "meta": {
            "nf-test": "0.9.5",
            "nextflow": "26.04.4"
        }
    }
}