{
    "Should run without failures": {
        "content": [
            {
                "0": [
                    "HG002_sv.vcf:md5,f9500e162c3250bdf3408d2849d7c333"
                ]
            }
        ],
        "timestamp": "2026-08-04T18:55:59.711095277",
        "meta": {
            "nf-test": "0.9.5",
            "nextflow": "26.04.4"
        }
    }
}